**********************
Windows PowerShell transcript start
Start time: 20251127112538
Username: DESKTOP-MFC4DCQ\Passawut_IT_Security
RunAs User: DESKTOP-MFC4DCQ\Passawut_IT_Security
Configuration Name: 
Machine: DESKTOP-MFC4DCQ (Microsoft Windows NT 10.0.19045.0)
Host Application: C:\Windows\System32\WindowsPowerShell\v1.0\powershell.exe
Process ID: 6808
PSVersion: 5.1.19041.6456
PSEdition: Desktop
PSCompatibleVersions: 1.0, 2.0, 3.0, 4.0, 5.0, 5.1.19041.6456
BuildVersion: 10.0.19041.6456
CLRVersion: 4.0.30319.42000
WSManStackVersion: 3.0
PSRemotingProtocolVersion: 2.3
SerializationVersion: 1.1.0.1
**********************
Transcript started, output file is ./Raw_Output\session_log.txt
PS Z:\Project p2\Case1_Connectivity> ipconfig /all

Windows IP Configuration

   Host Name . . . . . . . . . . . . : DESKTOP-MFC4DCQ
   Primary Dns Suffix  . . . . . . . :
   Node Type . . . . . . . . . . . . : Hybrid
   IP Routing Enabled. . . . . . . . : No
   WINS Proxy Enabled. . . . . . . . : No

Ethernet adapter Ethernet:

   Connection-specific DNS Suffix  . :
   Description . . . . . . . . . . . : Intel(R) PRO/1000 MT Desktop Adapter
   Physical Address. . . . . . . . . : 08-00-27-E1-0A-49
   DHCP Enabled. . . . . . . . . . . : Yes
   Autoconfiguration Enabled . . . . : Yes
   IPv6 Address. . . . . . . . . . . : fd3b:28c0:f36f:1f4e:8ce3:c3c:7d73:1ac4(Preferred)
   Temporary IPv6 Address. . . . . . : fd3b:28c0:f36f:1f4e:8945:b9c7:5ee1:3cea(Preferred)
   Link-local IPv6 Address . . . . . : fe80::d69d:5837:9efd:e704%4(Preferred)
   Autoconfiguration IPv4 Address. . : 169.254.113.123(Preferred)
   Subnet Mask . . . . . . . . . . . : 255.255.0.0
   Default Gateway . . . . . . . . . :
   DHCPv6 IAID . . . . . . . . . . . : 101187623
   DHCPv6 Client DUID. . . . . . . . : 00-01-00-01-30-9B-C2-09-08-00-27-E1-0A-49
   DNS Servers . . . . . . . . . . . : fec0:0:0:ffff::1%1
                                       fec0:0:0:ffff::2%1
                                       fec0:0:0:ffff::3%1
   NetBIOS over Tcpip. . . . . . . . : Enabled
PS Z:\Project p2\Case1_Connectivity> ping 8.8.8.8

Pinging 8.8.8.8 with 32 bytes of data:
PING: transmit failed. General failure.
PING: transmit failed. General failure.
PING: transmit failed. General failure.
PING: transmit failed. General failure.

Ping statistics for 8.8.8.8:
    Packets: Sent = 4, Received = 0, Lost = 4 (100% loss),
PS Z:\Project p2\Case1_Connectivity> arp -a

Interface: 169.254.113.123 --- 0x4
  Internet Address      Physical Address      Type
  10.0.0.5              f8-b4-6a-48-52-a9     dynamic
  10.0.0.138            90-4d-4a-8a-fb-0e     dynamic
  169.254.255.255       ff-ff-ff-ff-ff-ff     static
  224.0.0.22            01-00-5e-00-00-16     static
  224.0.0.251           01-00-5e-00-00-fb     static
  224.0.0.252           01-00-5e-00-00-fc     static
  239.255.255.250       01-00-5e-7f-ff-fa     static
  255.255.255.255       ff-ff-ff-ff-ff-ff     static
PS Z:\Project p2\Case1_Connectivity> route print
===========================================================================
Interface List
  4...08 00 27 e1 0a 49 ......Intel(R) PRO/1000 MT Desktop Adapter
  1...........................Software Loopback Interface 1
===========================================================================

IPv4 Route Table
===========================================================================
Active Routes:
Network Destination        Netmask          Gateway       Interface  Metric
        127.0.0.0        255.0.0.0         On-link         127.0.0.1    331
        127.0.0.1  255.255.255.255         On-link         127.0.0.1    331
  127.255.255.255  255.255.255.255         On-link         127.0.0.1    331
      169.254.0.0      255.255.0.0         On-link   169.254.113.123    281
  169.254.113.123  255.255.255.255         On-link   169.254.113.123    281
  169.254.255.255  255.255.255.255         On-link   169.254.113.123    281
        224.0.0.0        240.0.0.0         On-link         127.0.0.1    331
        224.0.0.0        240.0.0.0         On-link   169.254.113.123    281
  255.255.255.255  255.255.255.255         On-link         127.0.0.1    331
  255.255.255.255  255.255.255.255         On-link   169.254.113.123    281
===========================================================================
Persistent Routes:
  None

IPv6 Route Table
===========================================================================
Active Routes:
 If Metric Network Destination      Gateway
  1    331 ::1/128                  On-link
  4    281 fd3b:28c0:f36f:1f4e::/64 On-link
  4    281 fd3b:28c0:f36f:1f4e:8945:b9c7:5ee1:3cea/128
                                    On-link
  4    281 fd3b:28c0:f36f:1f4e:8ce3:c3c:7d73:1ac4/128
                                    On-link
  4    281 fd3d:8a2e:50e8::/64      fe80::c53:563d:2d44:1eda
  4    281 fe80::/64                On-link
  4    281 fe80::d69d:5837:9efd:e704/128
                                    On-link
  1    331 ff00::/8                 On-link
  4    281 ff00::/8                 On-link
===========================================================================
Persistent Routes:
  None
PS Z:\Project p2\Case1_Connectivity> stop-transcript
**********************
Windows PowerShell transcript end
End time: 20251127112656
**********************
